2025-12-01 15:33:11,314 - INFO - ============================================================
2025-12-01 15:33:11,314 - INFO - 🎓 H5P-Generator Training
2025-12-01 15:33:11,314 - INFO - ============================================================
2025-12-01 15:33:11,315 - INFO - Modell: TinyLlama/TinyLlama-1.1B-Chat-v1.0
2025-12-01 15:33:11,315 - INFO - Dataset: data\processed\train_data.jsonl
2025-12-01 15:33:11,315 - INFO - Output: outputs\final_model_cpu
2025-12-01 15:33:11,316 - INFO - Max Length: 1024
2025-12-01 15:33:11,316 - INFO - Batch Size: 1
2025-12-01 15:33:11,316 - INFO - Gradient Accumulation: 4
2025-12-01 15:33:11,316 - INFO - Effektive Batch Size: 4
2025-12-01 15:33:11,316 - INFO - Epochen: 3
2025-12-01 15:33:11,317 - INFO - Learning Rate: 0.0001
2025-12-01 15:33:11,317 - INFO - ============================================================
2025-12-01 15:33:11,318 - INFO - ✓ Konfiguration gespeichert
2025-12-01 15:33:11,318 - INFO - 📥 Lade Training: data\processed\train_data.jsonl
2025-12-01 15:33:13,868 - INFO - ✓ 110 Beispiele geladen
2025-12-01 15:33:13,869 - INFO - 📝 Beispiel-Instruction: Erstelle eine H5P-Multiple-Choice-Frage mit 4 Antwortmöglichkeiten und 1 richtigen Antwort(en), basi...
2025-12-01 15:33:13,869 - INFO - 📝 Beispiel-Output: {"question": "Was ist ein VPN?", "answers": [{"text": "Ein Virus-Schutz", "correct": false}, {"text"...
2025-12-01 15:33:13,870 - INFO - ℹ️ Keine Evaluationsdaten konfiguriert (eval_path=None)
2025-12-01 15:33:13,870 - INFO - ⚙️ Lade Tokenizer: TinyLlama/TinyLlama-1.1B-Chat-v1.0
2025-12-01 15:33:15,632 - INFO - ✓ Padding-Seite: left
2025-12-01 15:33:15,639 - INFO - ✓ Vocab Size: 32000
2025-12-01 15:33:15,639 - INFO - ✓ BOS: <s> (ID: 1)
2025-12-01 15:33:15,640 - INFO - ✓ EOS: </s> (ID: 2)
2025-12-01 15:33:15,640 - INFO - ✓ PAD: </s> (ID: 2)
2025-12-01 15:33:15,640 - INFO - ⚙️ Lade Modell: TinyLlama/TinyLlama-1.1B-Chat-v1.0
2025-12-01 15:33:19,372 - INFO - ✓ Modell geladen auf: cpu
2025-12-01 15:33:19,373 - INFO - ✓ Model dtype: torch.float32
2025-12-01 15:33:19,373 - INFO - 🔧 Aktiviere LoRA
2025-12-01 15:33:19,661 - INFO - ✓ Trainierbare Parameter: 12,615,680 / 1,112,664,064 (1.13%)
2025-12-01 15:33:19,661 - INFO - ✓ LoRA Rank: 16
2025-12-01 15:33:19,662 - INFO - ✓ LoRA Alpha: 32
2025-12-01 15:33:19,662 - INFO - ✓ Target Modules: ['q_proj', 'k_proj', 'v_proj', 'o_proj', 'gate_proj', 'up_proj', 'down_proj']
2025-12-01 15:33:19,662 - INFO - 🧹 Tokenisiere Trainingsdaten...
2025-12-01 15:33:19,785 - INFO - ✓ Training tokenisiert: 110 Beispiele
2025-12-01 15:33:19,785 - INFO - 🚀 Starte Training
2025-12-01 18:37:57,139 - INFO - ✓ Training erfolgreich abgeschlossen
2025-12-01 18:37:57,146 - INFO - 💾 Speichere Modell
2025-12-01 18:37:57,649 - INFO - ✓ Stats gespeichert: outputs\final_model_cpu\training_stats.json
2025-12-01 18:37:57,649 - INFO - 🎉 Training fertig! → outputs\final_model_cpu
2025-12-01 18:37:57,658 - INFO - ============================================================
2025-12-01 18:37:57,659 - INFO - 🎉 Training erfolgreich abgeschlossen!
2025-12-01 18:37:57,659 - INFO - ============================================================
2025-12-01 18:37:57,660 - INFO - 📁 Modell: C:\Users\dawin\OneDrive\Documents\Semester_1\Projekt2\scale_c\outputs\final_model_cpu
2025-12-01 18:37:57,663 - INFO - 📊 Trainingsdaten: 110 Beispiele
2025-12-01 18:37:57,663 - INFO - 🔧 LoRA Rank: 16
2025-12-01 18:37:57,663 - INFO - 📈 Epochen: 3
2025-12-01 18:37:57,663 - INFO - ============================================================
2025-12-01 18:37:57,664 - INFO - Nächste Schritte:
2025-12-01 18:37:57,664 - INFO - 1. Teste das Modell: python inference.py
2025-12-01 18:37:57,664 - INFO - 2. Validiere generierte H5Ps
2025-12-01 18:37:57,664 - INFO - 3. Bei Bedarf: Nachtraining mit mehr Daten
2025-12-01 18:37:57,664 - INFO - ============================================================
2025-12-01 22:08:23,408 - INFO - ============================================================
2025-12-01 22:08:23,408 - INFO - 🎓 H5P-Generator Training
2025-12-01 22:08:23,409 - INFO - ============================================================
2025-12-01 22:08:23,409 - INFO - Modell: TinyLlama/TinyLlama-1.1B-Chat-v1.0
2025-12-01 22:08:23,409 - INFO - Dataset: data\processed\train_data.jsonl
2025-12-01 22:08:23,409 - INFO - Output: outputs\final_model_cpu
2025-12-01 22:08:23,409 - INFO - Max Length: 1024
2025-12-01 22:08:23,409 - INFO - Batch Size: 1
2025-12-01 22:08:23,409 - INFO - Gradient Accumulation: 4
2025-12-01 22:08:23,409 - INFO - Effektive Batch Size: 4
2025-12-01 22:08:23,409 - INFO - Epochen: 3
2025-12-01 22:08:23,409 - INFO - Learning Rate: 0.0001
2025-12-01 22:08:23,410 - INFO - ============================================================
2025-12-01 22:08:23,411 - INFO - ✓ Konfiguration gespeichert
2025-12-01 22:08:23,411 - INFO - 📥 Lade Training: data\processed\train_data.jsonl
2025-12-01 22:08:26,820 - INFO - ✓ 110 Beispiele geladen
2025-12-01 22:08:26,821 - INFO - 📝 Beispiel-Instruction: Erstelle eine H5P-Multiple-Choice-Frage mit 4 Antwortmöglichkeiten und 1 richtigen Antwort(en), basi...
2025-12-01 22:08:26,821 - INFO - 📝 Beispiel-Output: {"question": "Was ist ein VPN?", "answers": [{"text": "Ein Virus-Schutz", "correct": false}, {"text"...
2025-12-01 22:08:26,822 - INFO - ℹ️ Keine Evaluationsdaten konfiguriert (eval_path=None)
2025-12-01 22:08:26,822 - INFO - ⚙️ Lade Tokenizer: TinyLlama/TinyLlama-1.1B-Chat-v1.0
2025-12-01 22:08:28,698 - INFO - ✓ Padding-Seite: left
2025-12-01 22:08:28,704 - INFO - ✓ Vocab Size: 32000
2025-12-01 22:08:28,704 - INFO - ✓ BOS: <s> (ID: 1)
2025-12-01 22:08:28,705 - INFO - ✓ EOS: </s> (ID: 2)
2025-12-01 22:08:28,705 - INFO - ✓ PAD: </s> (ID: 2)
2025-12-01 22:08:28,705 - INFO - ⚙️ Lade Modell: TinyLlama/TinyLlama-1.1B-Chat-v1.0
2025-12-01 22:08:34,181 - INFO - ✓ Modell geladen auf: cpu
2025-12-01 22:08:34,183 - INFO - ✓ Model dtype: torch.float32
2025-12-01 22:08:34,183 - INFO - 🔧 Aktiviere LoRA
2025-12-01 22:08:34,532 - INFO - ✓ Trainierbare Parameter: 12,615,680 / 1,112,664,064 (1.13%)
2025-12-01 22:08:34,532 - INFO - ✓ LoRA Rank: 16
2025-12-01 22:08:34,532 - INFO - ✓ LoRA Alpha: 32
2025-12-01 22:08:34,532 - INFO - ✓ Target Modules: ['q_proj', 'k_proj', 'v_proj', 'o_proj', 'gate_proj', 'up_proj', 'down_proj']
2025-12-01 22:08:34,533 - INFO - 🧹 Tokenisiere Trainingsdaten...
2025-12-01 22:08:34,763 - INFO - ✓ Training tokenisiert: 110 Beispiele
2025-12-01 22:08:34,763 - INFO - 🚀 Starte Training
2025-12-02 01:46:34,693 - INFO - ✓ Training erfolgreich abgeschlossen
2025-12-02 01:46:34,703 - INFO - 💾 Speichere Modell
2025-12-02 01:46:35,230 - INFO - ✓ Stats gespeichert: outputs\final_model_cpu\training_stats.json
2025-12-02 01:46:35,230 - INFO - 🎉 Training fertig! → outputs\final_model_cpu
2025-12-02 01:46:35,236 - INFO - ============================================================
2025-12-02 01:46:35,237 - INFO - 🎉 Training erfolgreich abgeschlossen!
2025-12-02 01:46:35,237 - INFO - ============================================================
2025-12-02 01:46:35,238 - INFO - 📁 Modell: C:\Users\dawin\OneDrive\Documents\Semester_1\Projekt2\scale_c\outputs\final_model_cpu
2025-12-02 01:46:35,239 - INFO - 📊 Trainingsdaten: 110 Beispiele
2025-12-02 01:46:35,239 - INFO - 🔧 LoRA Rank: 16
2025-12-02 01:46:35,239 - INFO - 📈 Epochen: 3
2025-12-02 01:46:35,239 - INFO - ============================================================
2025-12-02 01:46:35,240 - INFO - Nächste Schritte:
2025-12-02 01:46:35,240 - INFO - 1. Teste das Modell: python inference.py
2025-12-02 01:46:35,240 - INFO - 2. Validiere generierte H5Ps
2025-12-02 01:46:35,240 - INFO - 3. Bei Bedarf: Nachtraining mit mehr Daten
2025-12-02 01:46:35,240 - INFO - ============================================================
